// Jest Snapshot v1, https://goo.gl/fbAQLP

exports[`should render AddExpensePage correctly 1`] = `
<main
  className="main-content"
>
  <div
    className="content-container"
  >
    <div
      className="add-expense-container"
    >
      <ExpenseForm
        onSubmit={[Function]}
      />
    </div>
  </div>
</main>
`;
