// Jest Snapshot v1, https://goo.gl/fbAQLP

exports[`should render editExpensePage correctly 1`] = `
<main
  className="main-content"
>
  <div
    className="content-container"
  >
    <div
      className="edit-expense-container"
    >
      <ExpenseForm
        expense={
          Object {
            "amount": 35000,
            "category": "Rent",
            "createdAt": "1969-12-27T00:00:00.000Z",
            "description": "Home Rentage",
            "id": "2",
            "note": "",
          }
        }
        onSubmit={[Function]}
      />
      <button
        className="btn btn-remove-expense btn-remove-expense--form"
        onClick={[Function]}
      >
        Remove
      </button>
    </div>
  </div>
</main>
`;
