// Jest Snapshot v1, https://goo.gl/fbAQLP

exports[`should render Layout correctly 1`] = `
<Fragment>
  <Connect(Header)
    closeSidebar={[Function]}
    openSidebar={[Function]}
    sidebarOpen={false}
  />
  <Connect(Sidebar)
    closeSidebar={[Function]}
    sidebarOpen={false}
  />
  <footer
    className="footer--layout"
  >
    <Footer />
  </footer>
  <div
    aria-label="Close Sidebar Overlay"
    className="sidebar__overlay--close"
    onClick={[Function]}
  />
</Fragment>
`;
