// Jest Snapshot v1, https://goo.gl/fbAQLP

exports[`should render NotFoundPage correctly 1`] = `
<div
  className="content-container"
>
  <div
    className="error"
  >
    <img
      alt="Lady illustrating not found page."
      className="error__illustration"
      height="585"
      src="SvgrURL"
      width="1075"
    />
    <h2
      className="error__text"
    >
      Page Not Found.
    </h2>
    <p
      className="error__explanation"
    >
      Sorry, but the page you were trying to view does not exist. Let's —
       
      <Link
        className="router-link router-link--home"
        to="/"
      >
        Go home
      </Link>
    </p>
  </div>
</div>
`;
